{"ROWS_COUNT":10,"MESSAGE_TYPE":"QUERY_UPDATE","ROW":[{"TRADE_ID":"000000000000010TDLO1","CUSTOMER_ID":10,"CUSTOMER_NAME":"Customer Name 10","COUNTRY_NAME":"Canada","NOTIONAL":2100000.0,"RATE":99.3,"SETTLEMENT_DATE":1722038400000,"SIDE":"Sell","SOURCE_CURRENCY":"GBP","TARGET_CURRENCY":"INR","VERSION":1,"DETAILS":{"OPERATION":"INSERT","ROW_REF":"7226953052572353664"}},{"TRADE_ID":"000000000000009TDLO1","CUSTOMER_ID":9,"CUSTOMER_NAME":"Customer Name 9","COUNTRY_NAME":"Canada","NOTIONAL":2310000.0,"RATE":102.0,"SETTLEMENT_DATE":1722038400000,"SIDE":"Buy","SOURCE_CURRENCY":"GBP","TARGET_CURRENCY":"INR","VERSION":1,"DETAILS":{"OPERATION":"INSERT","ROW_REF":"7226953052568159359"}},{"TRADE_ID":"000000000000008TDLO1","CUSTOMER_ID":6,"CUSTOMER_NAME":"Customer Name 6","COUNTRY_NAME":"Canada","NOTIONAL":950000.0,"RATE":101.0,"SETTLEMENT_DATE":1722038400000,"SIDE":"Buy","SOURCE_CURRENCY":"GBP","TARGET_CURRENCY":"INR","VERSION":1,"DETAILS":{"OPERATION":"INSERT","ROW_REF":"7226953052568159358"}},{"TRADE_ID":"000000000000007TDLO1","CUSTOMER_ID":4,"CUSTOMER_NAME":"Customer Name 4","COUNTRY_NAME":"UK","NOTIONAL":300000.0,"RATE":102.0,"SETTLEMENT_DATE":1722038400000,"SIDE":"Buy","SOURCE_CURRENCY":"GBP","TARGET_CURRENCY":"INR","VERSION":1,"DETAILS":{"OPERATION":"INSERT","ROW_REF":"7226953052563965053"}},{"TRADE_ID":"000000000000005TDLO1","CUSTOMER_ID":8,"CUSTOMER_NAME":"Customer Name 8","COUNTRY_NAME":"Canada","NOTIONAL":4.3E7,"RATE":1.23,"SETTLEMENT_DATE":1722038400000,"SIDE":"Buy","SOURCE_CURRENCY":"GBP","TARGET_CURRENCY":"USD","VERSION":1,"DETAILS":{"OPERATION":"INSERT","ROW_REF":"7226953052559770748"}},{"TRADE_ID":"000000000000006TDLO1","CUSTOMER_ID":5,"CUSTOMER_NAME":"Customer Name 5","COUNTRY_NAME":"UK","NOTIONAL":3400000.0,"RATE":99.3,"SETTLEMENT_DATE":1722038400000,"SIDE":"Sell","SOURCE_CURRENCY":"GBP","TARGET_CURRENCY":"INR","VERSION":1,"DETAILS":{"OPERATION":"INSERT","ROW_REF":"7226953052559770747"}},{"TRADE_ID":"000000000000004TDLO1","CUSTOMER_ID":7,"CUSTOMER_NAME":"Customer Name 7","COUNTRY_NAME":"Canada","NOTIONAL":23000.0,"RATE":1.2,"SETTLEMENT_DATE":1722038400000,"SIDE":"Sell","SOURCE_CURRENCY":"GBP","TARGET_CURRENCY":"EUR","VERSION":1,"DETAILS":{"OPERATION":"INSERT","ROW_REF":"7226953052559770746"}},{"TRADE_ID":"000000000000002TDLO1","CUSTOMER_ID":3,"CUSTOMER_NAME":"Customer Name 3","COUNTRY_NAME":"UK","NOTIONAL":125000.0,"RATE":1.23,"SETTLEMENT_DATE":1722038400000,"SIDE":"Buy","SOURCE_CURRENCY":"GBP","TARGET_CURRENCY":"USD","VERSION":1,"DETAILS":{"OPERATION":"INSERT","ROW_REF":"7226953052538799225"}},{"TRADE_ID":"000000000000001TDLO1","CUSTOMER_ID":2,"CUSTOMER_NAME":"Customer Name 2","COUNTRY_NAME":"UK","NOTIONAL":2000000.0,"RATE":1.2,"SETTLEMENT_DATE":1722038400000,"SIDE":"Sell","SOURCE_CURRENCY":"GBP","TARGET_CURRENCY":"EUR","VERSION":1,"DETAILS":{"OPERATION":"INSERT","ROW_REF":"7226953052534604920"}},{"TRADE_ID":"000000000000003TDLO1","CUSTOMER_ID":1,"CUSTOMER_NAME":"Customer Name 1","COUNTRY_NAME":"UK","NOTIONAL":1000000.0,"RATE":101.0,"SETTLEMENT_DATE":1722038400000,"SIDE":"Buy","SOURCE_CURRENCY":"GBP","TARGET_CURRENCY":"INR","VERSION":1,"DETAILS":{"OPERATION":"INSERT","ROW_REF":"7226953052534604919"}}],"MORE_ROWS":false,"SEQUENCE_ID":1}