{"MESSAGE_TYPE":"REP_RR_ALL_TRADES_3","PARAMETRIC_TYPE":"global.genesis.gen.dao.Trade","REPLY":[{"TRADE_ID":"000000000000001TDLO1","CUSTOMER_ID":1,"COUNTRY_NAME":"UK","NOTIONAL":1000000.0,"RATE":101.0,"SETTLEMENT_DATE":1722038400000,"SIDE":"Buy","SOURCE_CURRENCY":"GBP","TARGET_CURRENCY":"INR","VERSION":1,"RECORD_ID":7227666315501111970,"TIMESTAMP":7227666315501111970},{"TRADE_ID":"000000000000002TDLO1","CUSTOMER_ID":2,"COUNTRY_NAME":"UK","NOTIONAL":2000000.0,"RATE":1.2,"SETTLEMENT_DATE":1722038400000,"SIDE":"Sell","SOURCE_CURRENCY":"GBP","TARGET_CURRENCY":"EUR","VERSION":1,"RECORD_ID":7227666315501111968,"TIMESTAMP":7227666315501111968},{"TRADE_ID":"000000000000003TDLO1","CUSTOMER_ID":3,"COUNTRY_NAME":"UK","NOTIONAL":125000.0,"RATE":1.23,"SETTLEMENT_DATE":1722038400000,"SIDE":"Buy","SOURCE_CURRENCY":"GBP","TARGET_CURRENCY":"USD","VERSION":1,"RECORD_ID":7227666315501111969,"TIMESTAMP":7227666315501111969},{"TRADE_ID":"000000000000004TDLO1","CUSTOMER_ID":6,"COUNTRY_NAME":"Canada","NOTIONAL":950000.0,"RATE":101.0,"SETTLEMENT_DATE":1722038400000,"SIDE":"Buy","SOURCE_CURRENCY":"GBP","TARGET_CURRENCY":"INR","VERSION":1,"RECORD_ID":7227666315517889187,"TIMESTAMP":7227666315517889187},{"TRADE_ID":"000000000000005TDLO1","CUSTOMER_ID":5,"COUNTRY_NAME":"UK","NOTIONAL":3400000.0,"RATE":99.3,"SETTLEMENT_DATE":1722038400000,"SIDE":"Sell","SOURCE_CURRENCY":"GBP","TARGET_CURRENCY":"INR","VERSION":1,"RECORD_ID":7227666315517889188,"TIMESTAMP":7227666315517889188},{"TRADE_ID":"000000000000006TDLO1","CUSTOMER_ID":4,"COUNTRY_NAME":"UK","NOTIONAL":300000.0,"RATE":102.0,"SETTLEMENT_DATE":1722038400000,"SIDE":"Buy","SOURCE_CURRENCY":"GBP","TARGET_CURRENCY":"INR","VERSION":1,"RECORD_ID":7227666315517889189,"TIMESTAMP":7227666315517889189},{"TRADE_ID":"000000000000007TDLO1","CUSTOMER_ID":7,"COUNTRY_NAME":"Canada","NOTIONAL":23000.0,"RATE":1.2,"SETTLEMENT_DATE":1722038400000,"SIDE":"Sell","SOURCE_CURRENCY":"GBP","TARGET_CURRENCY":"EUR","VERSION":1,"RECORD_ID":7227666315522083494,"TIMESTAMP":7227666315522083494},{"TRADE_ID":"000000000000008TDLO1","CUSTOMER_ID":8,"COUNTRY_NAME":"Canada","NOTIONAL":4.3E7,"RATE":1.23,"SETTLEMENT_DATE":1722038400000,"SIDE":"Buy","SOURCE_CURRENCY":"GBP","TARGET_CURRENCY":"USD","VERSION":1,"RECORD_ID":7227666315526277799,"TIMESTAMP":7227666315526277799},{"TRADE_ID":"000000000000009TDLO1","CUSTOMER_ID":9,"COUNTRY_NAME":"Canada","NOTIONAL":2310000.0,"RATE":102.0,"SETTLEMENT_DATE":1722038400000,"SIDE":"Buy","SOURCE_CURRENCY":"GBP","TARGET_CURRENCY":"INR","VERSION":1,"RECORD_ID":7227666315526277801,"TIMESTAMP":7227666315526277801},{"TRADE_ID":"000000000000010TDLO1","CUSTOMER_ID":10,"COUNTRY_NAME":"Canada","NOTIONAL":2100000.0,"RATE":99.3,"SETTLEMENT_DATE":1722038400000,"SIDE":"Sell","SOURCE_CURRENCY":"GBP","TARGET_CURRENCY":"INR","VERSION":1,"RECORD_ID":7227666315526277800,"TIMESTAMP":7227666315526277800}]}