[ {
  "TRADE_ID" : "000000000000007TDLO1",
  "VERSION" : "1",
  "COUNTRY_NAME" : "UK",
  "SIDE" : "Sell",
  "RATE" : "99.30000",
  "NOTIONAL" : "3.400.000.00",
  "SETTLEMENT_DATE" : "27 Jul 2024",
  "SOURCE_CURRENCY" : "GBP",
  "TARGET_CURRENCY" : "INR",
  "CUSTOMER_ID" : "5",
  "CUSTOMER_NAME" : "Customer Name 5"
}, {
  "TRADE_ID" : "000000000000004TDLO1",
  "VERSION" : "1",
  "COUNTRY_NAME" : "UK",
  "SIDE" : "Buy",
  "RATE" : "102.00000",
  "NOTIONAL" : "300.000.00",
  "SETTLEMENT_DATE" : "27 Jul 2024",
  "SOURCE_CURRENCY" : "GBP",
  "TARGET_CURRENCY" : "INR",
  "CUSTOMER_ID" : "4",
  "CUSTOMER_NAME" : "Customer Name 4"
}, {
  "TRADE_ID" : "000000000000001TDLO1",
  "VERSION" : "1",
  "COUNTRY_NAME" : "UK",
  "SIDE" : "Sell",
  "RATE" : "1.20000",
  "NOTIONAL" : "2.000.000.00",
  "SETTLEMENT_DATE" : "27 Jul 2024",
  "SOURCE_CURRENCY" : "GBP",
  "TARGET_CURRENCY" : "EUR",
  "CUSTOMER_ID" : "2",
  "CUSTOMER_NAME" : "Customer Name 2"
}, {
  "TRADE_ID" : "000000000000002TDLO1",
  "VERSION" : "1",
  "COUNTRY_NAME" : "UK",
  "SIDE" : "Buy",
  "RATE" : "1.23000",
  "NOTIONAL" : "125.000.00",
  "SETTLEMENT_DATE" : "27 Jul 2024",
  "SOURCE_CURRENCY" : "GBP",
  "TARGET_CURRENCY" : "USD",
  "CUSTOMER_ID" : "3",
  "CUSTOMER_NAME" : "Customer Name 3"
}, {
  "TRADE_ID" : "000000000000003TDLO1",
  "VERSION" : "1",
  "COUNTRY_NAME" : "UK",
  "SIDE" : "Buy",
  "RATE" : "101.00000",
  "NOTIONAL" : "1.000.000.00",
  "SETTLEMENT_DATE" : "27 Jul 2024",
  "SOURCE_CURRENCY" : "GBP",
  "TARGET_CURRENCY" : "INR",
  "CUSTOMER_ID" : "1",
  "CUSTOMER_NAME" : "Customer Name 1"
}, {
  "TRADE_ID" : "000000000000010TDLO1",
  "VERSION" : "1",
  "COUNTRY_NAME" : "Canada",
  "SIDE" : "Sell",
  "RATE" : "99.30000",
  "NOTIONAL" : "2.100.000.00",
  "SETTLEMENT_DATE" : "27 Jul 2024",
  "SOURCE_CURRENCY" : "GBP",
  "TARGET_CURRENCY" : "INR",
  "CUSTOMER_ID" : "10"
}, {
  "TRADE_ID" : "000000000000009TDLO1",
  "VERSION" : "1",
  "COUNTRY_NAME" : "Canada",
  "SIDE" : "Buy",
  "RATE" : "102.00000",
  "NOTIONAL" : "2.310.000.00",
  "SETTLEMENT_DATE" : "27 Jul 2024",
  "SOURCE_CURRENCY" : "GBP",
  "TARGET_CURRENCY" : "INR",
  "CUSTOMER_ID" : "9"
}, {
  "TRADE_ID" : "000000000000008TDLO1",
  "VERSION" : "1",
  "COUNTRY_NAME" : "Canada",
  "SIDE" : "Buy",
  "RATE" : "1.23000",
  "NOTIONAL" : "43.000.000.00",
  "SETTLEMENT_DATE" : "27 Jul 2024",
  "SOURCE_CURRENCY" : "GBP",
  "TARGET_CURRENCY" : "USD",
  "CUSTOMER_ID" : "8"
}, {
  "TRADE_ID" : "000000000000007TDLO1",
  "VERSION" : "1",
  "COUNTRY_NAME" : "UK",
  "SIDE" : "Sell",
  "RATE" : "99.30000",
  "NOTIONAL" : "3.400.000.00",
  "SETTLEMENT_DATE" : "27 Jul 2024",
  "SOURCE_CURRENCY" : "GBP",
  "TARGET_CURRENCY" : "INR",
  "CUSTOMER_ID" : "5"
}, {
  "TRADE_ID" : "000000000000006TDLO1",
  "VERSION" : "1",
  "COUNTRY_NAME" : "Canada",
  "SIDE" : "Sell",
  "RATE" : "1.20000",
  "NOTIONAL" : "23.000.00",
  "SETTLEMENT_DATE" : "27 Jul 2024",
  "SOURCE_CURRENCY" : "GBP",
  "TARGET_CURRENCY" : "EUR",
  "CUSTOMER_ID" : "7"
}, {
  "TRADE_ID" : "000000000000004TDLO1",
  "VERSION" : "1",
  "COUNTRY_NAME" : "UK",
  "SIDE" : "Buy",
  "RATE" : "102.00000",
  "NOTIONAL" : "300.000.00",
  "SETTLEMENT_DATE" : "27 Jul 2024",
  "SOURCE_CURRENCY" : "GBP",
  "TARGET_CURRENCY" : "INR",
  "CUSTOMER_ID" : "4"
}, {
  "TRADE_ID" : "000000000000005TDLO1",
  "VERSION" : "1",
  "COUNTRY_NAME" : "Canada",
  "SIDE" : "Buy",
  "RATE" : "101.00000",
  "NOTIONAL" : "950.000.00",
  "SETTLEMENT_DATE" : "27 Jul 2024",
  "SOURCE_CURRENCY" : "GBP",
  "TARGET_CURRENCY" : "INR",
  "CUSTOMER_ID" : "6"
}, {
  "TRADE_ID" : "000000000000001TDLO1",
  "VERSION" : "1",
  "COUNTRY_NAME" : "UK",
  "SIDE" : "Sell",
  "RATE" : "1.20000",
  "NOTIONAL" : "2.000.000.00",
  "SETTLEMENT_DATE" : "27 Jul 2024",
  "SOURCE_CURRENCY" : "GBP",
  "TARGET_CURRENCY" : "EUR",
  "CUSTOMER_ID" : "2"
}, {
  "TRADE_ID" : "000000000000002TDLO1",
  "VERSION" : "1",
  "COUNTRY_NAME" : "UK",
  "SIDE" : "Buy",
  "RATE" : "1.23000",
  "NOTIONAL" : "125.000.00",
  "SETTLEMENT_DATE" : "27 Jul 2024",
  "SOURCE_CURRENCY" : "GBP",
  "TARGET_CURRENCY" : "USD",
  "CUSTOMER_ID" : "3"
}, {
  "TRADE_ID" : "000000000000003TDLO1",
  "VERSION" : "1",
  "COUNTRY_NAME" : "UK",
  "SIDE" : "Buy",
  "RATE" : "101.00000",
  "NOTIONAL" : "1.000.000.00",
  "SETTLEMENT_DATE" : "27 Jul 2024",
  "SOURCE_CURRENCY" : "GBP",
  "TARGET_CURRENCY" : "INR",
  "CUSTOMER_ID" : "1"
}, {
  "TRADE_ID" : "000000000000007TDLO1",
  "VERSION" : "1",
  "COUNTRY_NAME" : "UK",
  "SIDE" : "Sell",
  "RATE" : "99.30000",
  "NOTIONAL" : "3.400.000.00",
  "SETTLEMENT_DATE" : "27 Jul 2024",
  "SOURCE_CURRENCY" : "GBP",
  "TARGET_CURRENCY" : "INR",
  "CUSTOMER_ID" : "5"
}, {
  "TRADE_ID" : "000000000000004TDLO1",
  "VERSION" : "1",
  "COUNTRY_NAME" : "UK",
  "SIDE" : "Buy",
  "RATE" : "102.00000",
  "NOTIONAL" : "300.000.00",
  "SETTLEMENT_DATE" : "27 Jul 2024",
  "SOURCE_CURRENCY" : "GBP",
  "TARGET_CURRENCY" : "INR",
  "CUSTOMER_ID" : "4"
}, {
  "TRADE_ID" : "000000000000001TDLO1",
  "VERSION" : "1",
  "COUNTRY_NAME" : "UK",
  "SIDE" : "Sell",
  "RATE" : "1.20000",
  "NOTIONAL" : "2.000.000.00",
  "SETTLEMENT_DATE" : "27 Jul 2024",
  "SOURCE_CURRENCY" : "GBP",
  "TARGET_CURRENCY" : "EUR",
  "CUSTOMER_ID" : "2"
}, {
  "TRADE_ID" : "000000000000002TDLO1",
  "VERSION" : "1",
  "COUNTRY_NAME" : "UK",
  "SIDE" : "Buy",
  "RATE" : "1.23000",
  "NOTIONAL" : "125.000.00",
  "SETTLEMENT_DATE" : "27 Jul 2024",
  "SOURCE_CURRENCY" : "GBP",
  "TARGET_CURRENCY" : "USD",
  "CUSTOMER_ID" : "3"
}, {
  "TRADE_ID" : "000000000000003TDLO1",
  "VERSION" : "1",
  "COUNTRY_NAME" : "UK",
  "SIDE" : "Buy",
  "RATE" : "101.00000",
  "NOTIONAL" : "1.000.000.00",
  "SETTLEMENT_DATE" : "27 Jul 2024",
  "SOURCE_CURRENCY" : "GBP",
  "TARGET_CURRENCY" : "INR",
  "CUSTOMER_ID" : "1"
} ]